OK
Line 10: Too many NAME in SUBM (skipped)
Line 11: Ignored SUBM.LANG (English)
