<dir>/invalid1.ged:1 Error, invalid line format
FOO
