<dir>/invalid3.ged:3 Missing 1 occurrences of SOUR
<dir>/invalid3.ged:3 Missing 1 occurrences of SUBM
<dir>/invalid3.ged:3 Missing 1 occurrences of GEDC
<dir>/invalid3.ged:3 Missing 1 occurrences of CHAR
