<dir>/invalid4.ged:8 Missing 1 occurrences of TRLR in file
