<dir>/invalid4.ged:9 Missing 1 occurrence of TRLR in file
