<dir>/invalid1.ged:1 Invalid gedcom file, first line must be '0 HEAD'
