<dir>/invalid3.ged:1 Missing 1 occurrence of GEDC in HEAD
