<dir>/invalid2.ged:1 Invalid gedcom file, first line must be '0 HEAD' got b'0 FOO'
