<dir>/issue41.ged:13 Unexpected text value after RESI, expected 'Y'
OK
